I0702 17:36:14.926756   10660 load.go:31] Reloading schema and connectors...
I0702 17:36:14.954657   10660 control.go:100] [projects/emulator/locations/emulator/services/portfolio bf1e] UpdateResources(): done
Main schema: sources: schema\schema.gql [1992B] 
Connector "example": sources: example\mutations.gql [1243B] example\queries.gql [1801B] 
I0702 17:36:14.978946   10660 codegen.go:101] [connector "example" javascriptSdk] Generating sources into "C:\\Users\\bishnoi\\Documents\\ReactNative\\portfolio\\src\\dataconnect-generated"
I0702 17:36:14.988521   10660 collector.go:107] schema extensions wrote into "C:\\Users\\bishnoi\\Documents\\ReactNative\\portfolio\\dataconnect\\.dataconnect\\schema"
Generated sources: main\query.gql [5099B] prelude.gql [84995B] main\mutation.gql [13679B] main\implicit.gql [1261B] main\input.gql [29168B] main\relation.gql [14318B] 
I0702 17:36:14.993582   10660 collector.go:107] connector "example" javascriptSdk wrote into "C:\\Users\\bishnoi\\Documents\\ReactNative\\portfolio\\src\\dataconnect-generated"
Generated sources: index.cjs.js [5896B] .guides/setup.md [1682B] README.md [41217B] react\package.json [460B] react\esm\package.json [17B] react\esm\index.esm.js [3269B] react\README.md [48281B] .guides/config.json [236B] esm\index.esm.js [5352B] react\index.cjs.js [3439B] package.json [853B] react\index.d.ts [3961B] .guides/usage.md [3489B] index.d.ts [8408B] esm\package.json [17B] 
I0702 17:36:14.994702   10660 installsdk.go:55] Package @dataconnect/generated is already installed. Skipping installation
I0702 17:36:14.994702   10660 load.go:109] Finished reloading
I0702 17:36:14.995312   10660 dev.go:104] Listening on address (HTTP + gRPC): 127.0.0.1:9399
I0702 17:36:14.995857   10660 dev.go:104] Listening on address (HTTP + gRPC): [::1]:9399
I0702 17:36:20.308280   10660 migrate.go:24] Running migration SQL:
Step 1: CREATE EXTENSION IF NOT EXISTS "uuid-ossp"
Step 2: CREATE TABLE "public"."movie" ("id" uuid NOT NULL DEFAULT uuid_generate_v4(), "genre" text NULL, "image_url" text NOT NULL, "title" text NOT NULL, PRIMARY KEY ("id"))
Step 3: CREATE TABLE "public"."user" ("id" text NOT NULL, "username" character varying(50) NOT NULL, PRIMARY KEY ("id"))
Step 4: CREATE TABLE "public"."Reviews" ("movie_id" uuid NOT NULL, "user_id" text NOT NULL, "rating" integer NULL, "review_date" date NOT NULL, "review_text" text NULL, PRIMARY KEY ("movie_id", "user_id"), CONSTRAINT "Reviews_movie_id_fkey" FOREIGN KEY ("movie_id") REFERENCES "public"."movie" ("id") ON DELETE CASCADE, CONSTRAINT "Reviews_user_id_fkey" FOREIGN KEY ("user_id") REFERENCES "public"."user" ("id") ON DELETE CASCADE)
Step 5: CREATE INDEX "Reviews_movieId_idx" ON "public"."Reviews" ("movie_id")
Step 6: CREATE INDEX "Reviews_userId_idx" ON "public"."Reviews" ("user_id")
Step 7: CREATE TABLE "public"."movie_metadata" ("id" uuid NOT NULL DEFAULT uuid_generate_v4(), "movie_id" uuid NOT NULL, "description" text NULL, "rating" double precision NULL, "release_year" integer NULL, PRIMARY KEY ("id"), CONSTRAINT "movie_metadata_movie_id_fkey" FOREIGN KEY ("movie_id") REFERENCES "public"."movie" ("id") ON DELETE CASCADE)
Step 8: CREATE INDEX "movie_metadata_movieId_idx" ON "public"."movie_metadata" ("movie_id")
Step 9: CREATE UNIQUE INDEX "movie_metadata_movieId_uidx" ON "public"."movie_metadata" ("movie_id")
I0702 17:36:20.446550   10660 control.go:100] [projects/emulator/locations/emulator/services/portfolio be83] UpdateResources(): done
Main schema: sources: schema\schema.gql [1992B] 
Connector "example": sources: example\mutations.gql [1243B] example\queries.gql [1801B] 
I0702 17:36:20.451459   10660 configure_emulator.go:21] ConfigureEmulator successed
Request: service_id:  "portfolio"
connection_string:  "postgres://127.0.0.1:5432/fdcdb?sslmode=disable"
database:  "fdcdb"

Response: 
